[    0.000000] Initializing cgroup subsys cpuset
[    0.000000] Initializing cgroup subsys cpu
[    0.000000] Initializing cgroup subsys cpuacct
[    0.000000] Linux version 4.4.0-210-generic (buildd@lgw01-amd64-009) (gcc version 5.4.0 20160609 (Ubuntu 5.4.0-6ubuntu1~16.04.12) ) #242-Ubuntu SMP Fri Apr 16 09:57:56 UTC 2021 (Ubuntu 4.4.0-210.242-generic 4.4.262)
[    0.000000] Command line: BOOT_IMAGE=/boot/vmlinuz-4.4.0-210-generic root=LABEL=cloudimg-rootfs ro console=tty1 console=ttyS0
[    0.000000] KERNEL supported cpus:
[    0.000000]   Intel GenuineIntel
[    0.000000]   AMD AuthenticAMD
[    0.000000]   Centaur CentaurHauls
[    0.000000] x86/fpu: xstate_offset[2]:  576, xstate_sizes[2]:  256
[    0.000000] x86/fpu: Supporting XSAVE feature 0x01: 'x87 floating point registers'
[    0.000000] x86/fpu: Supporting XSAVE feature 0x02: 'SSE registers'
[    0.000000] x86/fpu: Supporting XSAVE feature 0x04: 'AVX registers'
[    0.000000] x86/fpu: Enabled xstate features 0x7, context size is 832 bytes, using 'standard' format.
[    0.000000] e820: BIOS-provided physical RAM map:
[    0.000000] BIOS-e820: [mem 0x0000000000000000-0x000000000009fbff] usable
[    0.000000] BIOS-e820: [mem 0x000000000009fc00-0x000000000009ffff] reserved
[    0.000000] BIOS-e820: [mem 0x00000000000f0000-0x00000000000fffff] reserved
[    0.000000] BIOS-e820: [mem 0x0000000000100000-0x00000000dffeffff] usable
[    0.000000] BIOS-e820: [mem 0x00000000dfff0000-0x00000000dfffffff] ACPI data
[    0.000000] BIOS-e820: [mem 0x00000000fec00000-0x00000000fec00fff] reserved
[    0.000000] BIOS-e820: [mem 0x00000000fee00000-0x00000000fee00fff] reserved
[    0.000000] BIOS-e820: [mem 0x00000000fffc0000-0x00000000ffffffff] reserved
[    0.000000] BIOS-e820: [mem 0x0000000100000000-0x000000013fffffff] usable
[    0.000000] NX (Execute Disable) protection: active
[    0.000000] SMBIOS 2.5 present.
[    0.000000] Hypervisor detected: KVM
[    0.000000] e820: last_pfn = 0x140000 max_arch_pfn = 0x400000000
[    0.000000] MTRR: Disabled
[    0.000000] x86/PAT: MTRRs disabled, skipping PAT initialization too.
[    0.000000] CPU MTRRs all blank - virtualized system.
[    0.000000] x86/PAT: Configuration [0-7]: WB  WT  UC- UC  WB  WT  UC- UC  
[    0.000000] e820: last_pfn = 0xdfff0 max_arch_pfn = 0x400000000
[    0.000000] found SMP MP-table at [mem 0x0009fff0-0x0009ffff] mapped at [ffff88000009fff0]
[    0.000000] Scanning 1 areas for low memory corruption
[    0.000000] RAMDISK: [mem 0x3613c000-0x37095fff]
[    0.000000] ACPI: Early table checksum verification disabled
[    0.000000] ACPI: RSDP 0x00000000000E0000 000024 (v02 VBOX  )
[    0.000000] ACPI: XSDT 0x00000000DFFF0030 00003C (v01 VBOX   VBOXXSDT 00000001 ASL  00000061)
[    0.000000] ACPI: FACP 0x00000000DFFF00F0 0000F4 (v04 VBOX   VBOXFACP 00000001 ASL  00000061)
[    0.000000] ACPI: DSDT 0x00000000DFFF0480 002325 (v02 VBOX   VBOXBIOS 00000002 INTL 20120111)
[    0.000000] ACPI: FACS 0x00000000DFFF0200 000040
[    0.000000] ACPI: FACS 0x00000000DFFF0200 000040
[    0.000000] ACPI: APIC 0x00000000DFFF0240 000064 (v02 VBOX   VBOXAPIC 00000001 ASL  00000061)
[    0.000000] ACPI: SSDT 0x00000000DFFF02B0 0001CC (v01 VBOX   VBOXCPUT 00000002 INTL 20120111)
[    0.000000] No NUMA configuration found
[    0.000000] Faking a node at [mem 0x0000000000000000-0x000000013fffffff]
[    0.000000] NODE_DATA(0) allocated [mem 0x13fff7000-0x13fffbfff]
[    0.000000] kvm-clock: Using msrs 4b564d01 and 4b564d00
[    0.000000] kvm-clock: cpu 0, msr 1:3ffef001, primary cpu clock
[    0.000000] kvm-clock: using sched offset of 3996900982 cycles
[    0.000000] clocksource: kvm-clock: mask: 0xffffffffffffffff max_cycles: 0x1cd42e4dffb, max_idle_ns: 881590591483 ns
[    0.000000] Zone ranges:
[    0.000000]   DMA      [mem 0x0000000000001000-0x0000000000ffffff]
[    0.000000]   DMA32    [mem 0x0000000001000000-0x00000000ffffffff]
[    0.000000]   Normal   [mem 0x0000000100000000-0x000000013fffffff]
[    0.000000]   Device   empty
[    0.000000] Movable zone start for each node
[    0.000000] Early memory node ranges
[    0.000000]   node   0: [mem 0x0000000000001000-0x000000000009efff]
[    0.000000]   node   0: [mem 0x0000000000100000-0x00000000dffeffff]
[    0.000000]   node   0: [mem 0x0000000100000000-0x000000013fffffff]
[    0.000000] Initmem setup node 0 [mem 0x0000000000001000-0x000000013fffffff]
[    0.000000] ACPI: PM-Timer IO Port: 0x4008
[    0.000000] IOAPIC[0]: apic_id 3, version 32, address 0xfec00000, GSI 0-23
[    0.000000] ACPI: INT_SRC_OVR (bus 0 bus_irq 0 global_irq 2 dfl dfl)
[    0.000000] ACPI: INT_SRC_OVR (bus 0 bus_irq 9 global_irq 9 low level)
[    0.000000] Using ACPI (MADT) for SMP configuration information
[    0.000000] smpboot: Allowing 3 CPUs, 0 hotplug CPUs
[    0.000000] PM: Registered nosave memory: [mem 0x00000000-0x00000fff]
[    0.000000] PM: Registered nosave memory: [mem 0x0009f000-0x0009ffff]
[    0.000000] PM: Registered nosave memory: [mem 0x000a0000-0x000effff]
[    0.000000] PM: Registered nosave memory: [mem 0x000f0000-0x000fffff]
[    0.000000] PM: Registered nosave memory: [mem 0xdfff0000-0xdfffffff]
[    0.000000] PM: Registered nosave memory: [mem 0xe0000000-0xfebfffff]
[    0.000000] PM: Registered nosave memory: [mem 0xfec00000-0xfec00fff]
[    0.000000] PM: Registered nosave memory: [mem 0xfec01000-0xfedfffff]
[    0.000000] PM: Registered nosave memory: [mem 0xfee00000-0xfee00fff]
[    0.000000] PM: Registered nosave memory: [mem 0xfee01000-0xfffbffff]
[    0.000000] PM: Registered nosave memory: [mem 0xfffc0000-0xffffffff]
[    0.000000] e820: [mem 0xe0000000-0xfebfffff] available for PCI devices
[    0.000000] Booting paravirtualized kernel on KVM
[    0.000000] clocksource: refined-jiffies: mask: 0xffffffff max_cycles: 0xffffffff, max_idle_ns: 7645519600211568 ns
[    0.000000] setup_percpu: NR_CPUS:512 nr_cpumask_bits:512 nr_cpu_ids:3 nr_node_ids:1
[    0.000000] PERCPU: Embedded 33 pages/cpu @ffff88013fc00000 s95192 r8192 d31784 u524288
[    0.000000] Built 1 zonelists in Node order, mobility grouping on.  Total pages: 1161080
[    0.000000] Policy zone: Normal
[    0.000000] Kernel command line: BOOT_IMAGE=/boot/vmlinuz-4.4.0-210-generic root=LABEL=cloudimg-rootfs ro console=tty1 console=ttyS0
[    0.000000] PID hash table entries: 4096 (order: 3, 32768 bytes)
[    0.000000] Memory: 4543436K/4718136K available (8644K kernel code, 1332K rwdata, 4044K rodata, 1492K init, 1164K bss, 174700K reserved, 0K cma-reserved)
[    0.000000] SLUB: HWalign=64, Order=0-3, MinObjects=0, CPUs=3, Nodes=1
[    0.000000] Kernel/User page tables isolation: enabled
[    0.000000] Hierarchical RCU implementation.
[    0.000000] 	Build-time adjustment of leaf fanout to 64.
[    0.000000] 	RCU restricting CPUs from NR_CPUS=512 to nr_cpu_ids=3.
[    0.000000] RCU: Adjusting geometry for rcu_fanout_leaf=64, nr_cpu_ids=3
[    0.000000] NR_IRQS:33024 nr_irqs:448 16
[    0.000000] Console: colour VGA+ 80x25
[    0.000000] console [tty1] enabled
[    0.000000] console [ttyS0] enabled
[    0.000000] tsc: Detected 1996.799 MHz processor
[    0.251367] Calibrating delay loop (skipped) preset value.. 3993.59 BogoMIPS (lpj=7987196)
[    0.253258] pid_max: default: 32768 minimum: 301
[    0.254292] ACPI: Core revision 20150930
[    0.256037] ACPI: 2 ACPI AML tables successfully acquired and loaded
[    0.257495] Security Framework initialized
[    0.258461] Yama: becoming mindful.
[    0.259315] AppArmor: AppArmor initialized
[    0.262162] Dentry cache hash table entries: 1048576 (order: 11, 8388608 bytes)
[    0.269607] Inode-cache hash table entries: 524288 (order: 10, 4194304 bytes)
[    0.272774] Mount-cache hash table entries: 16384 (order: 5, 131072 bytes)
[    0.274337] Mountpoint-cache hash table entries: 16384 (order: 5, 131072 bytes)
[    0.277423] Initializing cgroup subsys io
[    0.278532] Initializing cgroup subsys memory
[    0.279527] Initializing cgroup subsys devices
[    0.280532] Initializing cgroup subsys freezer
[    0.281536] Initializing cgroup subsys net_cls
[    0.282569] Initializing cgroup subsys perf_event
[    0.283622] Initializing cgroup subsys net_prio
[    0.284700] Initializing cgroup subsys hugetlb
[    0.285779] Initializing cgroup subsys pids
[    0.290507] mce: CPU supports 0 MCE banks
[    0.292220] Last level iTLB entries: 4KB 0, 2MB 0, 4MB 0
[    0.293387] Last level dTLB entries: 4KB 0, 2MB 0, 4MB 0, 1GB 0
[    0.294695] Spectre V1 : Mitigation: usercopy/swapgs barriers and __user pointer sanitization
[    0.297361] Spectre V2 : Mitigation: Full generic retpoline
[    0.298594] Spectre V2 : Spectre v2 / SpectreRSB mitigation: Filling RSB on context switch
[    0.301281] Speculative Store Bypass: Vulnerable
[    0.303836] MDS: Mitigation: Clear CPU buffers
[    0.307386] Freeing SMP alternatives memory: 36K
[    0.314373] ftrace: allocating 32380 entries in 127 pages
[    0.379023] smpboot: APIC(0) Converting physical 0 to logical package 0
[    0.382020] smpboot: Max logical packages: 1
[    0.383794] x2apic enabled
[    0.385051] Switched APIC routing to physical x2apic.
[    0.387211] ..TIMER: vector=0x30 apic1=0 pin1=2 apic2=-1 pin2=-1
[    0.496657] smpboot: CPU0: Intel(R) Core(TM) i5-1038NG7 CPU @ 2.00GHz (family: 0x6, model: 0x7e, stepping: 0x5)
[    0.499279] Performance Events: unsupported p6 CPU model 126 no PMU driver, software events only.
[    0.512002] KVM setup paravirtual spinlock
[    0.514147] x86: Booting SMP configuration:
[    0.515217] .... node  #0, CPUs:      #1
[    0.516614] kvm-clock: cpu 1, msr 1:3ffef041, secondary cpu clock
[    0.521257] mce: CPU supports 0 MCE banks
[    0.523988]  #2
[    0.524518] kvm-clock: cpu 2, msr 1:3ffef081, secondary cpu clock
[    0.529202] mce: CPU supports 0 MCE banks
[    0.531880] x86: Booted up 1 node, 3 CPUs
[    0.533072] smpboot: Total of 3 processors activated (11980.79 BogoMIPS)
[    0.534861] devtmpfs: initialized
[    0.538791] evm: security.selinux
[    0.539643] evm: security.SMACK64
[    0.540743] evm: security.SMACK64EXEC
[    0.541768] evm: security.SMACK64TRANSMUTE
[    0.543045] evm: security.SMACK64MMAP
[    0.543923] evm: security.ima
[    0.544851] evm: security.capability
[    0.545993] clocksource: jiffies: mask: 0xffffffff max_cycles: 0xffffffff, max_idle_ns: 7645041785100000 ns
[    0.548111] futex hash table entries: 1024 (order: 4, 65536 bytes)
[    0.549609] pinctrl core: initialized pinctrl subsystem
[    0.550855] RTC time: 21:12:15, date: 02/05/22
[    0.552194] NET: Registered protocol family 16
[    0.562218] cpuidle: using governor ladder
[    0.574612] cpuidle: using governor menu
[    0.576321] PCCT header not found.
[    0.577327] ACPI: bus type PCI registered
[    0.578391] acpiphp: ACPI Hot Plug PCI Controller Driver version: 0.5
[    0.580886] PCI: Using configuration type 1 for base access
[    0.595392] ACPI: Added _OSI(Module Device)
[    0.598336] ACPI: Added _OSI(Processor Device)
[    0.601102] ACPI: Added _OSI(3.0 _SCP Extensions)
[    0.604110] ACPI: Added _OSI(Processor Aggregator Device)
[    0.607266] ACPI: Executed 1 blocks of module-level executable AML code
[    0.611340] ACPI: Interpreter enabled
[    0.612220] ACPI: (supports S0 S5)
[    0.613145] ACPI: Using IOAPIC for interrupt routing
[    0.614433] PCI: Using host bridge windows from ACPI; if necessary, use "pci=nocrs" and report a bug
[    0.621266] ACPI: PCI Root Bridge [PCI0] (domain 0000 [bus 00-ff])
[    0.622987] acpi PNP0A03:00: _OSC: OS supports [ASPM ClockPM Segments MSI]
[    0.624731] acpi PNP0A03:00: _OSC: not requesting OS control; OS requires [ExtendedConfig ASPM ClockPM MSI]
[    0.627646] acpi PNP0A03:00: fail to add MMCONFIG information, can't access extended PCI configuration space under this bridge.
[    0.639292] PCI host bridge to bus 0000:00
[    0.640263] pci_bus 0000:00: root bus resource [io  0x0000-0x0cf7 window]
[    0.641813] pci_bus 0000:00: root bus resource [io  0x0d00-0xffff window]
[    0.643224] pci_bus 0000:00: root bus resource [mem 0x000a0000-0x000bffff window]
[    0.644965] pci_bus 0000:00: root bus resource [mem 0xe0000000-0xfdffffff window]
[    0.647053] pci_bus 0000:00: root bus resource [bus 00-ff]
[    0.651291] pci 0000:00:01.1: legacy IDE quirk: reg 0x10: [io  0x01f0-0x01f7]
[    0.652782] pci 0000:00:01.1: legacy IDE quirk: reg 0x14: [io  0x03f6]
[    0.654229] pci 0000:00:01.1: legacy IDE quirk: reg 0x18: [io  0x0170-0x0177]
[    0.655705] pci 0000:00:01.1: legacy IDE quirk: reg 0x1c: [io  0x0376]
[    0.712376] pci 0000:00:07.0: quirk: [io  0x4000-0x403f] claimed by PIIX4 ACPI
[    0.715129] pci 0000:00:07.0: quirk: [io  0x4100-0x410f] claimed by PIIX4 SMB
[    0.743541] ACPI: PCI Interrupt Link [LNKA] (IRQs 5 9 10 *11)
[    0.746162] ACPI: PCI Interrupt Link [LNKB] (IRQs 5 9 *10 11)
[    0.748485] ACPI: PCI Interrupt Link [LNKC] (IRQs 5 *9 10 11)
[    0.750624] ACPI: PCI Interrupt Link [LNKD] (IRQs 5 9 10 *11)
[    0.753109] ACPI: Enabled 2 GPEs in block 00 to 07
[    0.754729] vgaarb: setting as boot device: PCI:0000:00:02.0
[    0.756130] vgaarb: device added: PCI:0000:00:02.0,decodes=io+mem,owns=io+mem,locks=none
[    0.758133] vgaarb: loaded
[    0.758997] vgaarb: bridge control possible 0000:00:02.0
[    0.760375] SCSI subsystem initialized
[    0.761562] ACPI: bus type USB registered
[    0.762651] usbcore: registered new interface driver usbfs
[    0.763844] usbcore: registered new interface driver hub
[    0.765033] usbcore: registered new device driver usb
[    0.767064] PCI: Using ACPI for IRQ routing
[    0.768885] NetLabel: Initializing
[    0.769801] NetLabel:  domain hash size = 128
[    0.770820] NetLabel:  protocols = UNLABELED CIPSOv4
[    0.771944] NetLabel:  unlabeled traffic allowed by default
[    0.773300] amd_nb: Cannot enumerate AMD northbridges
[    0.774556] clocksource: Switched to clocksource kvm-clock
[    0.786352] AppArmor: AppArmor Filesystem Enabled
[    0.787556] pnp: PnP ACPI init
[    0.789699] pnp: PnP ACPI: found 3 devices
[    0.798206] clocksource: acpi_pm: mask: 0xffffff max_cycles: 0xffffff, max_idle_ns: 2085701024 ns
[    0.800386] NET: Registered protocol family 2
[    0.801587] TCP established hash table entries: 65536 (order: 7, 524288 bytes)
[    0.803354] TCP bind hash table entries: 65536 (order: 8, 1048576 bytes)
[    0.806422] TCP: Hash tables configured (established 65536 bind 65536)
[    0.807895] UDP hash table entries: 4096 (order: 5, 131072 bytes)
[    0.809227] UDP-Lite hash table entries: 4096 (order: 5, 131072 bytes)
[    0.810652] NET: Registered protocol family 1
[    0.811690] pci 0000:00:00.0: Limiting direct PCI/PCI transfers
[    0.812988] pci 0000:00:01.0: Activating ISA DMA hang workarounds
[    0.814512] Unpacking initramfs...
[    1.043189] Freeing initrd memory: 15720K
[    1.044784] PCI-DMA: Using software bounce buffering for IO (SWIOTLB)
[    1.047833] software IO TLB: mapped [mem 0xdbff0000-0xdfff0000] (64MB)
[    1.049984] clocksource: tsc: mask: 0xffffffffffffffff max_cycles: 0x3990bc5adef, max_idle_ns: 881590438240 ns
[    1.053133] platform rtc_cmos: registered platform RTC device (no PNP device found)
[    1.054953] Scanning for low memory corruption every 60 seconds
[    1.057173] audit: initializing netlink subsys (disabled)
[    1.058528] audit: type=2000 audit(1644095541.318:1): initialized
[    1.060095] Initialise system trusted keyring
[    1.061379] HugeTLB registered 2 MB page size, pre-allocated 0 pages
[    1.063728] zbud: loaded
[    1.064870] VFS: Disk quotas dquot_6.6.0
[    1.065747] VFS: Dquot-cache hash table entries: 512 (order 0, 4096 bytes)
[    1.067529] squashfs: version 4.0 (2009/01/31) Phillip Lougher
[    1.069173] fuse init (API version 7.23)
[    1.070430] Key type big_key registered
[    1.071709] Allocating IMA MOK and blacklist keyrings.
[    1.073940] Key type asymmetric registered
[    1.074969] Asymmetric key parser 'x509' registered
[    1.076083] Block layer SCSI generic (bsg) driver version 0.4 loaded (major 249)
[    1.077923] io scheduler noop registered
[    1.079294] io scheduler deadline registered (default)
[    1.080474] io scheduler cfq registered
[    1.081474] pci_hotplug: PCI Hot Plug PCI Core version: 0.5
[    1.082708] pciehp: PCI Express Hot Plug Controller Driver version: 0.4
[    1.085377] ACPI: AC Adapter [AC] (off-line)
[    1.086409] input: Power Button as /devices/LNXSYSTM:00/LNXPWRBN:00/input/input0
[    1.088178] ACPI: Power Button [PWRF]
[    1.089127] input: Sleep Button as /devices/LNXSYSTM:00/LNXSLPBN:00/input/input1
[    1.090838] ACPI: Sleep Button [SLPF]
[    1.091973] GHES: HEST is not enabled!
[    1.093143] ACPI: Battery Slot [BAT0] (battery present)
[    1.094383] Serial: 8250/16550 driver, 32 ports, IRQ sharing enabled
[    1.116899] 00:02: ttyS0 at I/O 0x3f8 (irq = 4, base_baud = 115200) is a 16550A
[    1.120600] Linux agpgart interface v0.103
[    1.123358] loop: module loaded
[    1.124761] scsi host0: ata_piix
[    1.125733] scsi host1: ata_piix
[    1.126596] ata1: PATA max UDMA/33 cmd 0x1f0 ctl 0x3f6 bmdma 0xd000 irq 14
[    1.128266] ata2: PATA max UDMA/33 cmd 0x170 ctl 0x376 bmdma 0xd008 irq 15
[    1.130794] libphy: Fixed MDIO Bus: probed
[    1.131756] tun: Universal TUN/TAP device driver, 1.6
[    1.132907] tun: (C) 1999-2004 Max Krasnyansky <maxk@qualcomm.com>
[    1.134453] PPP generic driver version 2.4.2
[    1.135656] ehci_hcd: USB 2.0 'Enhanced' Host Controller (EHCI) Driver
[    1.137097] ehci-pci: EHCI PCI platform driver
[    1.138121] ehci-platform: EHCI generic platform driver
[    1.139646] ohci_hcd: USB 1.1 'Open' Host Controller (OHCI) Driver
[    1.140987] ohci-pci: OHCI PCI platform driver
[    1.142020] ohci-platform: OHCI generic platform driver
[    1.143251] uhci_hcd: USB Universal Host Controller Interface driver
[    1.144790] i8042: PNP: PS/2 Controller [PNP0303:PS2K,PNP0f03:PS2M] at 0x60,0x64 irq 1,12
[    1.147098] serio: i8042 KBD port at 0x60,0x64 irq 1
[    1.148204] serio: i8042 AUX port at 0x60,0x64 irq 12
[    1.149641] mousedev: PS/2 mouse device common for all mice
[    1.151866] input: AT Translated Set 2 keyboard as /devices/platform/i8042/serio0/input/input2
[    1.154164] rtc_cmos rtc_cmos: rtc core: registered rtc_cmos as rtc0
[    1.155627] rtc_cmos rtc_cmos: alarms up to one day, 114 bytes nvram
[    1.157003] i2c /dev entries driver
[    1.157892] device-mapper: uevent: version 1.0.3
[    1.159105] device-mapper: ioctl: 4.34.0-ioctl (2015-10-28) initialised: dm-devel@redhat.com
[    1.161012] ledtrig-cpu: registered to indicate activity on CPUs
[    1.162805] NET: Registered protocol family 10
[    1.164131] NET: Registered protocol family 17
[    1.165230] Key type dns_resolver registered
[    1.166899] registered taskstats version 1
[    1.168013] Loading compiled-in X.509 certificates
[    1.169651] Loaded X.509 cert 'Build time autogenerated kernel key: cf00e047681d67edb2720680708b7d9498083038'
[    1.172580] zswap: loaded using pool lzo/zbud
[    1.175858] Key type trusted registered
[    1.179886] Key type encrypted registered
[    1.181084] AppArmor: AppArmor sha1 policy hashing enabled
[    1.182368] ima: No TPM chip found, activating TPM-bypass!
[    1.183674] ima: Allocated hash algorithm: sha1
[    1.184736] evm: HMAC attrs: 0x1
[    1.185996]   Magic number: 10:745:246
[    1.187113] rtc_cmos rtc_cmos: setting system clock to 2022-02-05 21:12:16 UTC (1644095536)
[    1.189131] BIOS EDD facility v0.16 2004-Jun-25, 0 devices found
[    1.190460] EDD information not available.
[    1.311479] Freeing unused kernel memory: 1492K
[    1.313034] Write protecting the kernel read-only data: 14336k
[    1.315531] Freeing unused kernel memory: 1584K
[    1.316841] Freeing unused kernel memory: 52K
Loading, please wait...
starting version 229
[    1.330476] random: systemd-udevd: uninitialized urandom read (16 bytes read, 3 bits of entropy available)
[    1.331066] random: udevadm: uninitialized urandom read (16 bytes read, 3 bits of entropy available)
[    1.331089] random: udevadm: uninitialized urandom read (16 bytes read, 3 bits of entropy available)
[    1.337839] random: systemd-udevd: uninitialized urandom read (16 bytes read, 3 bits of entropy available)
[    1.339274] random: udevadm: uninitialized urandom read (16 bytes read, 3 bits of entropy available)
[    1.339347] random: udevadm: uninitialized urandom read (16 bytes read, 3 bits of entropy available)
[    1.339604] random: udevadm: uninitialized urandom read (16 bytes read, 3 bits of entropy available)
[    1.339648] random: udevadm: uninitialized urandom read (16 bytes read, 3 bits of entropy available)
[    1.339691] random: udevadm: uninitialized urandom read (16 bytes read, 3 bits of entropy available)
[    1.339740] random: udevadm: uninitialized urandom read (16 bytes read, 3 bits of entropy available)
[    1.371356] e1000: Intel(R) PRO/1000 Network Driver - version 7.3.21-k8-NAPI
[    1.373362] e1000: Copyright (c) 1999-2006 Intel Corporation.
[    1.377758] Fusion MPT base driver 3.04.20
[    1.380663] Copyright (c) 1999-2008 LSI Corporation
[    1.383204] [drm] Initialized drm 1.1.0 20060810
[    1.394031] vboxvideo: loading out-of-tree module taints kernel.
[    1.396359] vboxvideo: module verification failed: signature and/or required key missing - tainting kernel
[    1.402261] vboxvideo: loading version 6.1.30 r148432
[    1.404078] AVX2 version of gcm_enc/dec engaged.
[    1.405201] AES CTR mode by8 optimization enabled
[    1.420026] Fusion MPT SPI Host driver 3.04.20
[    1.604853] input: ImExPS/2 Generic Explorer Mouse as /devices/platform/i8042/serio1/input/input4
[    1.772982] e1000 0000:00:03.0 eth0: (PCI:33MHz:32-bit) 02:be:82:6b:cc:1d
[    1.775639] e1000 0000:00:03.0 eth0: Intel(R) PRO/1000 Network Connection
[    2.549868] e1000 0000:00:08.0 eth1: (PCI:33MHz:32-bit) 08:00:27:b8:e8:63
[    2.552211] e1000 0000:00:08.0 eth1: Intel(R) PRO/1000 Network Connection
[    2.555935] [drm] VRAM 01000000
[    2.556134] e1000 0000:00:03.0 enp0s3: renamed from eth0
[    2.558671] [TTM] Zone  kernel: Available graphics memory: 2281160 kiB
[    2.560052] [TTM] Zone   dma32: Available graphics memory: 2097152 kiB
[    2.561424] [TTM] Initializing pool allocator
[    2.562411] [TTM] Initializing DMA pool allocator
[    2.565262] fbcon: vboxdrmfb (fb0) is primary device
[    2.570979] Console: switching to colour frame buffer device 100x37
[    2.574618] vboxvideo 0000:00:02.0: fb0: vboxdrmfb frame buffer device
[    2.576510] e1000 0000:00:08.0 enp0s8: renamed from eth1
[    2.595396] [drm] Initialized vboxvideo 1.0.0 20130823 for 0000:00:02.0 on minor 0
[    2.600927] mptbase: ioc0: Initiating bringup
[    2.666880] ioc0: LSI53C1030 A0: Capabilities={Initiator}
[    2.831276] scsi host2: ioc0: LSI53C1030 A0, FwRev=00000000h, Ports=1, MaxQ=256, IRQ=20
[    2.944491] scsi 2:0:0:0: Direct-Access     VBOX     HARDDISK         1.0  PQ: 0 ANSI: 5
[    2.946806] scsi target2:0:0: Beginning Domain Validation
[    2.950705] scsi target2:0:0: Domain Validation skipping write tests
[    2.952571] scsi target2:0:0: Ending Domain Validation
[    2.954300] scsi target2:0:0: asynchronous
[    2.956422] scsi 2:0:1:0: Direct-Access     VBOX     HARDDISK         1.0  PQ: 0 ANSI: 5
[    2.958037] scsi target2:0:1: Beginning Domain Validation
[    2.960591] scsi target2:0:1: Domain Validation skipping write tests
[    2.961779] scsi target2:0:1: Ending Domain Validation
[    2.962870] scsi target2:0:1: asynchronous
[    2.967665] sd 2:0:0:0: Attached scsi generic sg0 type 0
[    2.968884] sd 2:0:0:0: [sda] 83886080 512-byte logical blocks: (42.9 GB/40.0 GiB)
[    2.970365] sd 2:0:1:0: Attached scsi generic sg1 type 0
[    2.970510] sd 2:0:1:0: [sdb] 20480 512-byte logical blocks: (10.5 MB/10.0 MiB)
[    2.970758] sd 2:0:1:0: [sdb] Write Protect is off
[    2.970893] sd 2:0:1:0: [sdb] Incomplete mode parameter data
[    2.970895] sd 2:0:1:0: [sdb] Assuming drive cache: write through
[    2.974905] sd 2:0:0:0: [sda] Write Protect is off
[    2.975129] sd 2:0:0:0: [sda] Incomplete mode parameter data
[    2.975131] sd 2:0:0:0: [sda] Assuming drive cache: write through
[    2.976555] sd 2:0:1:0: [sdb] Attached SCSI disk
[    2.977159]  sda: sda1
[    2.977875] sd 2:0:0:0: [sda] Attached SCSI disk
Begin: Loading essential drivers ... [    3.053844] md: linear personality registered for level -1
[    3.058716] md: multipath personality registered for level -4
[    3.062532] md: raid0 personality registered for level 0
[    3.067328] md: raid1 personality registered for level 1
[    3.138661] raid6: sse2x1   gen() 11570 MB/s
[    3.206741] raid6: sse2x1   xor()  8113 MB/s
[    3.274776] raid6: sse2x2   gen() 17096 MB/s
[    3.342759] raid6: sse2x2   xor() 12123 MB/s
[    3.411175] raid6: sse2x4   gen() 19651 MB/s
[    3.478894] raid6: sse2x4   xor() 12789 MB/s
[    3.546657] raid6: avx2x1   gen() 23324 MB/s
[    3.614763] raid6: avx2x2   gen() 31680 MB/s
[    3.682730] raid6: avx2x4   gen() 30530 MB/s
[    3.684187] raid6: using algorithm avx2x2 gen() 31680 MB/s
[    3.686172] raid6: using avx2x2 recovery algorithm
[    3.689452] xor: automatically using best checksumming function:
[    3.730742]    avx       : 25573.000 MB/sec
[    3.733512] async_tx: api initialized (async)
[    3.746060] md: raid6 personality registered for level 6
[    3.747658] md: raid5 personality registered for level 5
[    3.748848] md: raid4 personality registered for level 4
[    3.757392] md: raid10 personality registered for level 10
done.
Begin: Running /scripts/init-premount ... done.
Begin: Mounting root file system ... Begin: Running /scripts/local-top ... done.
Begin: Running /scripts/local-premount ... [    3.786075] Btrfs loaded
Scanning for Btrfs filesystems
done.
Begin: Will now check root file system ... fsck from util-linux 2.27.1
[/sbin/fsck.ext4 (1) -- /dev/sda1] fsck.ext4 -a -C0 /dev/sda1 
cloudimg-rootfs: clean, 90426/5120000 files, 1395070/10485499 blocks
done.
[    3.826381] EXT4-fs (sda1): mounted filesystem with ordered data mode. Opts: (null)
done.
Begin: Running /scripts/local-bottom ... done.
Begin: Running /scripts/init-bottom ... done.
[    3.940656] systemd[1]: systemd 229 running in system mode. (+PAM +AUDIT +SELINUX +IMA +APPARMOR +SMACK +SYSVINIT +UTMP +LIBCRYPTSETUP +GCRYPT +GNUTLS +ACL +XZ -LZ4 +SECCOMP +BLKID +ELFUTILS +KMOD -IDN)
[    3.944415] systemd[1]: Detected virtualization oracle.
[    3.945472] systemd[1]: Detected architecture x86-64.

Welcome to [1mUbuntu 16.04.7 LTS[0m!

[    3.950242] systemd[1]: Set hostname to <xld01>.
[    4.099894] systemd[1]: Started Forward Password Requests to Wall Directory Watch.
[[0;32m  OK  [0m] Started Forward Password Requests to Wall Directory Watch.
[    4.103168] systemd[1]: Set up automount Arbitrary Executable File Formats File System Automount Point.
[[0;32m  OK  [0m] Set up automount Arbitrary Executab...ats File System Automount Point.
[    4.106806] systemd[1]: Listening on LVM2 poll daemon socket.
[[0;32m  OK  [0m] Listening on LVM2 poll daemon socket.
[    4.108857] systemd[1]: Reached target Swap.
[[0;32m  OK  [0m] Reached target Swap.
[    4.110451] systemd[1]: Listening on Syslog Socket.
[[0;32m  OK  [0m] Listening on Syslog Socket.
[    4.112907] systemd[1]: Created slice System Slice.
[[0;32m  OK  [0m] Created slice System Slice.
[    4.115499] systemd[1]: Listening on Journal Socket.
[[0;32m  OK  [0m] Listening on Journal Socket.
[    4.135019] systemd[1]: Mounting Debug File System...
         Mounting Debug File System...
[    4.138296] systemd[1]: Mounting POSIX Message Queue File System...
         Mounting POSIX Message Queue File System...
[    4.141225] systemd[1]: Reached target Encrypted Volumes.
[[0;32m  OK  [0m] Reached target Encrypted Volumes.
[    4.144460] systemd[1]: Mounting Huge Pages File System...
         Mounting Huge Pages File System...
[    4.148960] systemd[1]: Starting Load Kernel Modules...
         Starting Load Kernel Modules...
[    4.151812] systemd[1]: Starting Uncomplicated firewall...
         Starting Uncomplicated firewall...
[    4.154486] systemd[1]: Listening on /dev/initctl Compatibility Named Pipe.
[[0;32m  OK  [0m] Listening on /dev/initctl Compatibility Named Pipe.
[    4.158087] systemd[1]: Starting Create list of required static device nodes for the current kernel...
[    4.160690] Loading iSCSI transport class v2.0-870.
         Starting Create list of required st... nodes for the current kernel...
[    4.163336] systemd[1]: Created slice User and Session Slice.
[[0;32m  OK  [0m] Created slice User and Session Slice.
[    4.165703] systemd[1]: Reached target Slices.
[[0;32m  OK  [0m] Reached target Slices.
[    4.170257] iscsi: registered transport (tcp)
[    4.174861] systemd[1]: Listening on LVM2 metadata daemon socket.
[[0;32m  OK  [0m] Listening on LVM2 metadata daemon socket.
[    4.177242] systemd[1]: Listening on Journal Socket (/dev/log).
[[0;32m  OK  [0m] Listening on Journal Socket (/dev/log).
[    4.180444] systemd[1]: Starting Set console keymap...
         Starting Set console keymap...
[    4.182903] systemd[1]: Listening on udev Kernel Socket.
[[0;32m  OK  [0m] Listening on udev Kernel Socket.
[    4.187042] systemd[1]: Starting Nameserver information manager...
         Starting Nameserver information manager...
[    4.190032] systemd[1]: Listening on fsck to fsckd communication Socket.
[[0;32m  OK  [0m] Listening on fsck to fsckd communication Socket.
[    4.194453] systemd[1]: Starting Remount Root and Kernel File Systems...
         Starting Remount Root and Kernel File Systems...
[    4.197420] systemd[1]: Listening on udev Control Socket.
[[0;32m  OK  [0m] Listening on udev Control Socket.
[    4.199753] systemd[1]: Listening on Device-mapper event daemon FIFOs.
[    4.199794] EXT4-fs (sda1): re-mounted. Opts: (null)
[[0;32m  OK  [0m] Listening on Device-mapper event daemon FIFOs.
[    4.205759] systemd[1]: Starting Monitoring of LVM2 mirrors, snapshots etc. using dmeventd or progress polling...
         Starting Monitoring of LVM2 mirrors... dmeventd or progress polling...
[    4.231983] systemd[1]: Started Trigger resolvconf update for networkd DNS.
[[0;32m  OK  [0m] Started Trigger resolvconf update for networkd DNS.
[    4.235009] systemd[1]: Listening on Journal Audit Socket.
[[0;32m  OK  [0m] Listening on Journal Audit Socket.
[    4.238988] systemd[1]: Starting Journal Service...
[    4.240529] iscsi: registered transport (iser)
         Starting Journal Service...
[    4.242559] systemd[1]: Reached target User and Group Name Lookups.
[[0;32m  OK  [0m] Reached target User and Group Name Lookups.
[    4.245593] systemd[1]: Reached target System Time Synchronized.
[[0;32m  OK  [0m] Reached target System Time Synchronized.
[    4.249684] systemd[1]: Created slice system-serial\x2dgetty.slice.
[[0;32m  OK  [0m] Created slice system-serial\x2dgetty.slice.
[    4.255741] systemd[1]: Mounted Huge Pages File System.
[[0;32m  OK  [0m] Mounted Huge Pages File System.
[    4.257927] systemd[1]: Mounted POSIX Message Queue File System.
[[0;32m  OK  [0m] Mounted POSIX Message Queue File System.
[    4.260373] systemd[1]: Mounted Debug File System.
[[0;32m  OK  [0m] Mounted Debug File System.
[    4.262354] systemd[1]: Started Journal Service.
[[0;32m  OK  [0m] Started Journal Service.
[[0;32m  OK  [0m] Started Load Kernel Modules.
[[0;32m  OK  [0m] Started Uncomplicated firewall.
[[0;32m  OK  [0m] Started Create list of required sta...ce nodes for the current kernel.
[[0;32m  OK  [0m] Started Set console keymap.
[[0;32m  OK  [0m] Started Remount Root and Kernel File Systems.
[[0;32m  OK  [0m] Started Nameserver information manager.
[[0;32m  OK  [0m] Started LVM2 metadata daemon.
         Starting udev Coldplug all Devices...
         Starting Load/Save Random Seed...
         Starting Create Static Device Nodes in /dev...
         Mounting FUSE Control File System...
         Starting Apply Kernel Variables...
         Starting Flush Journal to Persistent Storage...
[[0;32m  OK  [0m] Mounted FUSE Control File System.
[[0;32m  OK  [0m] Started Load/Save Random Seed.
[    4.301660] systemd-journald[428]: Received request to flush runtime journal from PID 1
[[0;32m  OK  [0m] Started Flush Journal to Persistent Storage.
[[0;32m  OK  [0m] Started Apply Kernel Variables.
[[0;32m  OK  [0m] Started Create Static Device Nodes in /dev.
         Starting udev Kernel Device Manager...
[[0;32m  OK  [0m] Started udev Coldplug all Devices.
[[0;32m  OK  [0m] Started udev Kernel Device Manager.
[[0;32m  OK  [0m] Started Dispatch Password Requests to Console Directory Watch.
[[0;32m  OK  [0m] Found device /dev/ttyS0.
[[0;32m  OK  [0m] Listening on Load/Save RF Kill Switch Status /dev/rfkill Watch.
[[0;32m  OK  [0m] Found device 82540EM Gigabit Ethern...r (PRO/1000 MT Desktop Adapter).
[[0;32m  OK  [0m] Found device 82540EM Gigabit Ethern...r (PRO/1000 MT Desktop Adapter).
[[0;32m  OK  [0m] Started Monitoring of LVM2 mirrors,...ng dmeventd or progress polling.
[[0;32m  OK  [0m] Reached target Local File Systems (Pre).
[[0;32m  OK  [0m] Reached target Local File Systems.
         Starting Initial cloud-init job (pre-networking)...
         Starting Set console font and keymap...
         Starting LSB: AppArmor initialization...
         Starting Create Volatile Files and Directories...
         Starting Tell Plymouth To Write Out Runtime Data...
[[0;32m  OK  [0m] Started Create Volatile Files and Directories.
         Starting Update UTMP about System Boot/Shutdown...
[[0;32m  OK  [0m] Started Tell Plymouth To Write Out Runtime Data.
[[0;32m  OK  [0m] Started Update UTMP about System Boot/Shutdown.
[[0;32m  OK  [0m] Started Set console font and keymap.
[[0;32m  OK  [0m] Created slice system-getty.slice.
[[0;32m  OK  [0m] Started LSB: AppArmor initialization.
         Starting Load AppArmor profiles managed internally by snapd...
[[0;32m  OK  [0m] Started Load AppArmor profiles managed internally by snapd.
[    5.108872] cloud-init[630]: Cloud-init v. 21.1-19-gbad84ad4-0ubuntu1~16.04.2 running 'init-local' at Sat, 05 Feb 2022 21:12:20 +0000. Up 4.87 seconds.
[[0;32m  OK  [0m] Started Initial cloud-init job (pre-networking).
[[0;32m  OK  [0m] Reached target Network (Pre).
         Starting Raise network interfaces...
[[0;32m  OK  [0m] Started ifup for enp0s3.
[[0;32m  OK  [0m] Started ifup for enp0s8.
[[0;32m  OK  [0m] Started Raise network interfaces.
[[0;32m  OK  [0m] Reached target Network.
         Starting Initial cloud-init job (metadata service crawler)...
[    5.756379] cloud-init[1096]: Cloud-init v. 21.1-19-gbad84ad4-0ubuntu1~16.04.2 running 'init' at Sat, 05 Feb 2022 21:12:21 +0000. Up 5.54 seconds.
[    5.758015] cloud-init[1096]: ci-info: ++++++++++++++++++++++++++++++++++++++Net device info+++++++++++++++++++++++++++++++++++++++
[    5.759621] cloud-init[1096]: ci-info: +--------+------+-----------------------------+---------------+--------+-------------------+
[    5.761683] cloud-init[1096]: ci-info: | Device |  Up  |           Address           |      Mask     | Scope  |     Hw-Address    |
[    5.764198] cloud-init[1096]: ci-info: +--------+------+-----------------------------+---------------+--------+-------------------+
[    5.766136] cloud-init[1096]: ci-info: | enp0s3 | True |          10.0.2.15          | 255.255.255.0 | global | 02:be:82:6b:cc:1d |
[    5.768394] cloud-init[1096]: ci-info: | enp0s3 | True |  fe80::be:82ff:fe6b:cc1d/64 |       .       |  link  | 02:be:82:6b:cc:1d |
[    5.770848] cloud-init[1096]: ci-info: | enp0s8 | True |        192.168.57.24        | 255.255.255.0 | global | 08:00:27:b8:e8:63 |
[    5.773175] cloud-init[1096]: ci-info: | enp0s8 | True | fe80::a00:27ff:feb8:e863/64 |       .       |  link  | 08:00:27:b8:e8:63 |
[    5.775423] cloud-init[1096]: ci-info: |   lo   | True |          127.0.0.1          |   255.0.0.0   |  host  |         .         |
[    5.777839] cloud-init[1096]: ci-info: |   lo   | True |           ::1/128           |       .       |  host  |         .         |
[    5.780270] cloud-init[1096]: ci-info: +--------+------+-----------------------------+---------------+--------+-------------------+
[    5.782501] cloud-init[1096]: ci-info: ++++++++++++++++++++++++++++Route IPv4 info++++++++++++++++++++++++++++
[    5.784621] cloud-init[1096]: ci-info: +-------+--------------+----------+---------------+-----------+-------+
[    5.786822] cloud-init[1096]: ci-info: | Route | Destination  | Gateway  |    Genmask    | Interface | Flags |
[    5.789806] [[0;32m  OK  [0m] Started Initial cloud-init job (metadata service crawler).
[[0;32m  OK  [0m] Reached target Cloud-config availability.
[[0;32m  OK  [0m] Reached target System Initialization.
         Starting Docker Socket for the API.
[[0;32m  OK  [0m] Listening on D-Bus System Message Bus Socket.
[[0;32m  OK  [0m] Listening on UUID daemon activation socket.
[[0;32m  OK  [0m] Started Daily Cleanup of Temporary Directories.
cloud-init[1096]: ci-info: +-------+--------------+----------+---------------+-----------+-------+
[    5.797598] [[0;32m  OK  [0m] Started Message of the Day.
cloud-init[1096]: ci-info: |   0   |   0.0.0.0    | 10.0.2.2 |    0.0.0.0    |   enp0s3  |   UG  |
[    5.799870]          Starting Socket activation for snappy daemon.
[[0;32m  OK  [0m] Started Daily apt download activities.
[[0;32m  OK  [0m] Started Ubuntu Advantage update messaging.
[[0;32m  OK  [0m] Started Daily apt upgrade and clean activities.
[[0;32m  OK  [0m] Reached target Timers.
[[0;32m  OK  [0m] Listening on ACPID Listen Socket.
cloud-init[1096]: ci-info: |   1   |   10.0.2.0   | 0.0.0.0  | 255.255.255.0 |   enp0s3  |   U   |
[    5.805507] [[0;32m  OK  [0m] Started ACPI Events Check.
[[0;32m  OK  [0m] Reached target Paths.
cloud-init[1096]: ci-info: |   2   | 192.168.57.0 | 0.0.0.0  | 255.255.255.0 |   enp0s8  |   U   |
[    5.808203]          Starting LXD - unix socket.
[[0;32m  OK  [0m] Reached target Network is Online.
cloud-init[1096]: ci-info: +-------+--------------+----------+---------------+-----------+-------+
[    5.811098] cloud-init[1096]: ci-info: +++++++++++++++++++Route IPv6 info+++++++++++++++++++
[    5.812714] cloud-init[1096]: ci-info: +-------+-------------+---------+-----------+-------+
[    5.814281] cloud-init[1096]: ci-info: | Route | Destination | Gateway | Interface | Flags |
[    5.815760] cloud-init[1096]: ci-info: +-------+-------------+---------+-----------+-------+
[    5.817637] cloud-init[1096]: ci-info: |   0   |  fe80::/64  |    ::   |   enp0s8  |   U   |
[    5.819847] cloud-init[1096]: ci-info: |   1   |  fe80::/64  |    ::   |   enp0s3  |   U   |
[    5.821676] cloud-init[1096]: ci-info: |   4   |   ff00::/8  |    ::   |   enp0s8  |   U   |
[    5.823525] cloud-init[1096]: ci-info: |   5   |   ff00::/8  |    ::   |   enp0s3  |   U   |
[    5.832410]          cloud-initStarting iSCSI initiator daemon (iscsid)...[1096]: 
ci-info: +-------+-------------+---------+-----------+-------+
[[0;32m  OK  [0m] Listening on Docker Socket for the API.
[[0;32m  OK  [0m] Listening on Socket activation for snappy daemon.
[[0;32m  OK  [0m] Listening on LXD - unix socket.
[[0;32m  OK  [0m] Reached target Sockets.
[[0;32m  OK  [0m] Reached target Basic System.
         Starting LSB: MD monitoring daemon...
         Starting vboxadd.service...
         Starting LSB: Record successful boot for GRUB...
         Starting Accounts Service...
         Starting /etc/rc.local Compatibility...
         Starting System Logging Service...
[[0;32m  OK  [0m] Started D-Bus System Message Bus.
         Starting LXD - container startup/shutdown...
[[0;32m  OK  [0m] Started FUSE filesystem for LXC.
         Starting OpenBSD Secure Shell server...
         Starting containerd container runtime...
         Starting Snap Daemon...
[[0;32m  OK  [0m] Started ACPI event daemon.
[[0;32m  OK  [0m] Started Deferred execution scheduler.
[[0;32m  OK  [0m] Started Regular background program processing daemon.
         Starting Login Service...
[[0;32m  OK  [0m] Started System Logging Service.
[[0;32m  OK  [0m] Started iSCSI initiator daemon (iscsid).
[[0;32m  OK  [0m] Started /etc/rc.local Compatibility.
         Starting Authenticate and Authorize Users to Run Privileged Tasks...
         Starting Login to default iSCSI targets...
[[0;32m  OK  [0m] Started Login Service.
[[0;32m  OK  [0m] Started Unattended Upgrades Shutdown.
[[0;32m  OK  [0m] Started LSB: Record successful boot for GRUB.
[[0;32m  OK  [0m] Started Login to default iSCSI targets.
[[0;32m  OK  [0m] Started LSB: MD monitoring daemon.
[[0;32m  OK  [0m] Started OpenBSD Secure Shell server.
[[0;32m  OK  [0m] Reached target Remote File Systems (Pre).
         Mounting /mnt/host_machine...
[[0;32m  OK  [0m] Started Authenticate and Authorize Users to Run Privileged Tasks.
[[0;32m  OK  [0m] Started Accounts Service.
[[0;32m  OK  [0m] Mounted /mnt/host_machine.
[[0;32m  OK  [0m] Reached target Remote File Systems.
         Starting Permit User Sessions...
         Starting LSB: automatic crash report generation...
         Starting LSB: daemon to balance interrupts for SMP systems...
         Starting LSB: Set the CPU Frequency Scaling governor to "ondemand"...
[[0;32m  OK  [0m] Started Permit User Sessions.
         Starting Hold until boot process finishes up...
         Starting Terminate Plymouth Boot Screen...
[[0;32m  OK  [0m] Started Hold until boot process finishes up.
[[0;32m  OK  [0m] Started Terminate Plymouth Boot Screen.
         Starting Set console scheme...
[[0;32m  OK  [0m] Started Serial Getty on ttyS0.
[[0;32m  OK  [0m] Started Getty on tty1.
[[0;32m  OK  [0m] Reached target Login Prompts.
[[0;32m  OK  [0m] Started LSB: Set the CPU Frequency Scaling governor to "ondemand".
[[0;32m  OK  [0m] Started LXD - container startup/shutdown.
[[0;32m  OK  [0m] Started Set console scheme.
[[0;32m  OK  [0m] Started LSB: daemon to balance interrupts for SMP systems.
[[0;32m  OK  [0m] Started LSB: automatic crash report generation.
[[0;32m  OK  [0m] Started Snap Daemon.
         Starting Wait until snapd is fully seeded...
[[0;32m  OK  [0m] Started Wait until snapd is fully seeded.
         Starting Apply the settings specified in cloud-config...
[[0;32m  OK  [0m] Started containerd container runtime.
         Starting Docker Application Container Engine...
[    6.731922] cloud-init[1356]: Cloud-init v. 21.1-19-gbad84ad4-0ubuntu1~16.04.2 running 'modules:config' at Sat, 05 Feb 2022 21:12:22 +0000. Up 6.63 seconds.
[[0;32m  OK  [0m] Started Apply the settings specified in cloud-config.
[[0;32m  OK  [0m] Started vboxadd.service.
         Starting vboxadd-service.service...
[[0;32m  OK  [0m] Started vboxadd-service.service.
[[0;32m  OK  [0m] Started Docker Application Container Engine.
[[0;32m  OK  [0m] Reached target Multi-User System.
         Starting Execute cloud user/final scripts...
[[0;32m  OK  [0m] Reached target Graphical Interface.
         Starting Update UTMP about System Runlevel Changes...
[[0;32m  OK  [0m] Started Update UTMP about System Runlevel Changes.
[    8.604939] cloud-init[1913]: Cloud-init v. 21.1-19-gbad84ad4-0ubuntu1~16.04.2 running 'modules:final' at Sat, 05 Feb 2022 21:12:24 +0000. Up 8.44 seconds.
[    8.617639] cloud-init[1913]: Cloud-init v. 21.1-19-gbad84ad4-0ubuntu1~16.04.2 finished at Sat, 05 Feb 2022 21:12:24 +0000. Datasource DataSourceNoCloud [seed=/dev/sdb][dsmode=net].  Up 8.59 seconds
[[0;32m  OK  [0m] Started Execute cloud user/final scripts.
[[0;32m  OK  [0m] Reached target Cloud-init target.

Ubuntu 16.04.7 LTS xld01 ttyS0

xld01 login: 